2025-03-13T16:52:40.1859370Z ##[group]Checking docker version
2025-03-13T16:52:40.1869681Z ##[command]/usr/bin/docker version --format '{{.Server.APIVersion}}'
2025-03-13T16:52:40.2002634Z '1.47'
2025-03-13T16:52:40.2018228Z Docker daemon API version: '1.47'
2025-03-13T16:52:40.2018641Z ##[command]/usr/bin/docker version --format '{{.Client.APIVersion}}'
2025-03-13T16:52:40.2144688Z '1.47'
2025-03-13T16:52:40.2155395Z Docker client API version: '1.47'
2025-03-13T16:52:40.2159922Z ##[endgroup]
2025-03-13T16:52:40.2162215Z ##[group]Clean up resources from previous jobs
2025-03-13T16:52:40.2166751Z ##[command]/usr/bin/docker ps --all --quiet --no-trunc --filter "label=b6156e"
2025-03-13T16:52:40.2274802Z ##[command]/usr/bin/docker network prune --force --filter "label=b6156e"
2025-03-13T16:52:40.2378799Z ##[endgroup]
2025-03-13T16:52:40.2379045Z ##[group]Create local container network
2025-03-13T16:52:40.2387379Z ##[command]/usr/bin/docker network create --label b6156e github_network_a5b3c685140e40c69e8837e8e7c90075
2025-03-13T16:52:40.2846732Z eb189bc80621003fb6ef27d7f2a673ae711d262cdcc84baf2a9f792a019a8e57
2025-03-13T16:52:40.2863896Z ##[endgroup]
2025-03-13T16:52:40.2889214Z ##[group]Starting job container
2025-03-13T16:52:40.2908397Z ##[command]/usr/bin/docker --config /home/jenny/tensorflow-mri/actions-runner/_work/_temp/.docker_d347f499-e62d-4601-9f05-98c2dc95f99d login ghcr.io -u jennifersteeden --password-stdin
2025-03-13T16:52:40.6383622Z ##[command]/usr/bin/docker --config /home/jenny/tensorflow-mri/actions-runner/_work/_temp/.docker_d347f499-e62d-4601-9f05-98c2dc95f99d pull ghcr.io/mrphys/tensorflow-manylinux:1.14.0
2025-03-13T16:52:41.3458162Z 1.14.0: Pulling from mrphys/tensorflow-manylinux
2025-03-13T16:52:41.3458722Z d7bfe07ed847: Already exists
2025-03-13T16:52:41.3529727Z c2aafb3bd4b2: Already exists
2025-03-13T16:52:41.3597341Z 73e07aa2f843: Already exists
2025-03-13T16:52:41.3664003Z c650e29ed394: Already exists
2025-03-13T16:52:41.3728958Z f4aa253753c0: Already exists
2025-03-13T16:52:41.3793680Z ecb08fdbadb2: Pulling fs layer
2025-03-13T16:52:41.3795497Z b9abf127db0b: Pulling fs layer
2025-03-13T16:52:41.3796573Z 5937f6884518: Pulling fs layer
2025-03-13T16:52:41.3796979Z 34083c587216: Pulling fs layer
2025-03-13T16:52:41.3797397Z 8264bcff3de6: Pulling fs layer
2025-03-13T16:52:41.3797830Z e3b2564091a4: Pulling fs layer
2025-03-13T16:52:41.3798234Z a6c3d09c1ede: Pulling fs layer
2025-03-13T16:52:41.3798680Z 4c9cf11001f4: Pulling fs layer
2025-03-13T16:52:41.3799114Z 688afd962f00: Pulling fs layer
2025-03-13T16:52:41.3799557Z 8db423f3725f: Pulling fs layer
2025-03-13T16:52:41.3799976Z bb895647756a: Pulling fs layer
2025-03-13T16:52:41.3800453Z 9d2b5f81f2f6: Pulling fs layer
2025-03-13T16:52:41.3800863Z 2f48dc026abd: Pulling fs layer
2025-03-13T16:52:41.3801256Z d95d09c8de4c: Pulling fs layer
2025-03-13T16:52:41.3801633Z d9fb9844e15b: Pulling fs layer
2025-03-13T16:52:41.3802015Z 7669de119c76: Pulling fs layer
2025-03-13T16:52:41.3802425Z 352a86a34f46: Pulling fs layer
2025-03-13T16:52:41.3802850Z 2fb16e13fe6b: Pulling fs layer
2025-03-13T16:52:41.3803298Z 4c9cf11001f4: Waiting
2025-03-13T16:52:41.3803652Z 688afd962f00: Waiting
2025-03-13T16:52:41.3804001Z 8db423f3725f: Waiting
2025-03-13T16:52:41.3804344Z bb895647756a: Waiting
2025-03-13T16:52:41.3804700Z 9d2b5f81f2f6: Waiting
2025-03-13T16:52:41.3805108Z e528b09238c3: Pulling fs layer
2025-03-13T16:52:41.3805541Z fb532cafd0ee: Pulling fs layer
2025-03-13T16:52:41.3805948Z 0353407a0e83: Pulling fs layer
2025-03-13T16:52:41.3806318Z aaf208f804fe: Pulling fs layer
2025-03-13T16:52:41.3806892Z 24f70edf5092: Pulling fs layer
2025-03-13T16:52:41.3807350Z d69821fe870d: Pulling fs layer
2025-03-13T16:52:41.3808426Z 50a0292bc760: Pulling fs layer
2025-03-13T16:52:41.3808803Z 43fa221c8c70: Pulling fs layer
2025-03-13T16:52:41.3809170Z 34083c587216: Waiting
2025-03-13T16:52:41.3809613Z ce4fb002f733: Pulling fs layer
2025-03-13T16:52:41.3809959Z 8264bcff3de6: Waiting
2025-03-13T16:52:41.3810265Z 2f48dc026abd: Waiting
2025-03-13T16:52:41.3810568Z d95d09c8de4c: Waiting
2025-03-13T16:52:41.3811362Z e3b2564091a4: Waiting
2025-03-13T16:52:41.3811727Z aec8eb8de401: Pulling fs layer
2025-03-13T16:52:41.3812089Z d9fb9844e15b: Waiting
2025-03-13T16:52:41.3812415Z 2fb16e13fe6b: Waiting
2025-03-13T16:52:41.3812759Z ca108ec25cac: Pulling fs layer
2025-03-13T16:52:41.3813127Z 7669de119c76: Waiting
2025-03-13T16:52:41.3813476Z ba0bbaa66eb5: Pulling fs layer
2025-03-13T16:52:41.3813853Z 352a86a34f46: Waiting
2025-03-13T16:52:41.3814193Z e528b09238c3: Waiting
2025-03-13T16:52:41.3814511Z e151122cf420: Pulling fs layer
2025-03-13T16:52:41.3814890Z a6c3d09c1ede: Waiting
2025-03-13T16:52:41.3815237Z 8a41d9ce8902: Pulling fs layer
2025-03-13T16:52:41.3815638Z fb532cafd0ee: Waiting
2025-03-13T16:52:41.3815993Z 0353407a0e83: Waiting
2025-03-13T16:52:41.3816310Z 24f70edf5092: Waiting
2025-03-13T16:52:41.3816645Z c549d10a7069: Pulling fs layer
2025-03-13T16:52:41.3817092Z aaf208f804fe: Waiting
2025-03-13T16:52:41.3817442Z 41c42cd6e97b: Pulling fs layer
2025-03-13T16:52:41.3817800Z d69821fe870d: Waiting
2025-03-13T16:52:41.3818136Z 0f4fec5afd4c: Pulling fs layer
2025-03-13T16:52:41.3818512Z fe5e76e037b8: Pulling fs layer
2025-03-13T16:52:41.3818858Z 50a0292bc760: Waiting
2025-03-13T16:52:41.3819135Z 43fa221c8c70: Waiting
2025-03-13T16:52:41.3819433Z 313e984db9ee: Pulling fs layer
2025-03-13T16:52:41.3819793Z 8531b488789f: Pulling fs layer
2025-03-13T16:52:41.3820136Z ca108ec25cac: Waiting
2025-03-13T16:52:41.3820455Z aec8eb8de401: Waiting
2025-03-13T16:52:41.3820769Z 3d02bb881c87: Pulling fs layer
2025-03-13T16:52:41.3821138Z ba0bbaa66eb5: Waiting
2025-03-13T16:52:41.3821453Z ce4fb002f733: Waiting
2025-03-13T16:52:41.3821770Z 8857c6f27016: Pulling fs layer
2025-03-13T16:52:41.3822151Z e151122cf420: Waiting
2025-03-13T16:52:41.3822491Z c2827031e3f8: Pulling fs layer
2025-03-13T16:52:41.3822841Z 8a41d9ce8902: Waiting
2025-03-13T16:52:41.3823126Z c549d10a7069: Waiting
2025-03-13T16:52:41.3823416Z a66530db4127: Pulling fs layer
2025-03-13T16:52:41.3823732Z 0f4fec5afd4c: Waiting
2025-03-13T16:52:41.3824031Z fe5e76e037b8: Waiting
2025-03-13T16:52:41.3824339Z 41c42cd6e97b: Waiting
2025-03-13T16:52:41.3824625Z 8531b488789f: Waiting
2025-03-13T16:52:41.3824925Z 313e984db9ee: Waiting
2025-03-13T16:52:41.3825223Z 8857c6f27016: Waiting
2025-03-13T16:52:41.3825529Z 3d02bb881c87: Waiting
2025-03-13T16:52:41.3825850Z c2827031e3f8: Waiting
2025-03-13T16:52:41.3826149Z a66530db4127: Waiting
2025-03-13T16:52:41.6855684Z b9abf127db0b: Download complete
2025-03-13T16:52:42.0800472Z 34083c587216: Download complete
2025-03-13T16:57:15.7380430Z 5937f6884518: Verifying Checksum
2025-03-13T16:57:15.7381407Z 5937f6884518: Download complete
2025-03-13T16:57:44.6210413Z 8264bcff3de6: Verifying Checksum
2025-03-13T16:57:44.6211530Z 8264bcff3de6: Download complete
2025-03-13T16:58:23.5025035Z e3b2564091a4: Verifying Checksum
2025-03-13T16:58:23.5025441Z e3b2564091a4: Download complete
2025-03-13T16:59:07.3888794Z a6c3d09c1ede: Verifying Checksum
2025-03-13T16:59:07.3889163Z a6c3d09c1ede: Download complete
2025-03-13T16:59:07.7599739Z 688afd962f00: Download complete
2025-03-13T16:59:20.3147146Z 8db423f3725f: Verifying Checksum
2025-03-13T16:59:20.3147715Z 8db423f3725f: Download complete
2025-03-13T16:59:20.6737584Z bb895647756a: Verifying Checksum
2025-03-13T16:59:20.6737971Z bb895647756a: Download complete
2025-03-13T16:59:52.9012141Z ecb08fdbadb2: Verifying Checksum
2025-03-13T16:59:52.9013232Z ecb08fdbadb2: Download complete
2025-03-13T16:59:54.5777402Z 2f48dc026abd: Verifying Checksum
2025-03-13T16:59:54.5777814Z 2f48dc026abd: Download complete
2025-03-13T16:59:55.0139160Z d95d09c8de4c: Download complete
2025-03-13T17:00:00.6185868Z ecb08fdbadb2: Pull complete
2025-03-13T17:00:00.6482516Z b9abf127db0b: Pull complete
2025-03-13T17:00:10.5580278Z 5937f6884518: Pull complete
2025-03-13T17:00:10.6027069Z 34083c587216: Pull complete
2025-03-13T17:00:13.4741860Z d9fb9844e15b: Verifying Checksum
2025-03-13T17:00:13.4742269Z d9fb9844e15b: Download complete
2025-03-13T17:00:15.1249415Z 7669de119c76: Download complete
2025-03-13T17:00:22.0311594Z 8264bcff3de6: Pull complete
2025-03-13T17:00:24.4434443Z e3b2564091a4: Pull complete
2025-03-13T17:00:27.4944306Z a6c3d09c1ede: Pull complete
2025-03-13T17:00:38.7037063Z 352a86a34f46: Verifying Checksum
2025-03-13T17:00:38.7038116Z 352a86a34f46: Download complete
2025-03-13T17:00:46.9085125Z 9d2b5f81f2f6: Verifying Checksum
2025-03-13T17:00:46.9086231Z 9d2b5f81f2f6: Download complete
2025-03-13T17:00:59.9232407Z 2fb16e13fe6b: Verifying Checksum
2025-03-13T17:00:59.9232774Z 2fb16e13fe6b: Download complete
2025-03-13T17:01:08.9092146Z e528b09238c3: Verifying Checksum
2025-03-13T17:01:08.9092646Z e528b09238c3: Download complete
2025-03-13T17:01:09.3104695Z 0353407a0e83: Verifying Checksum
2025-03-13T17:01:09.3105256Z 0353407a0e83: Download complete
2025-03-13T17:01:22.2546827Z fb532cafd0ee: Verifying Checksum
2025-03-13T17:01:22.2547397Z fb532cafd0ee: Download complete
2025-03-13T17:01:34.1794378Z 4c9cf11001f4: Verifying Checksum
2025-03-13T17:01:34.1794808Z 4c9cf11001f4: Download complete
2025-03-13T17:01:40.0740463Z 4c9cf11001f4: Pull complete
2025-03-13T17:01:40.1022477Z 688afd962f00: Pull complete
2025-03-13T17:01:40.9145709Z 8db423f3725f: Pull complete
2025-03-13T17:01:40.9441481Z bb895647756a: Pull complete
2025-03-13T17:01:45.4324368Z 9d2b5f81f2f6: Pull complete
2025-03-13T17:01:45.5336405Z 2f48dc026abd: Pull complete
2025-03-13T17:01:45.5648300Z d95d09c8de4c: Pull complete
2025-03-13T17:01:45.7804020Z d9fb9844e15b: Pull complete
2025-03-13T17:01:45.8095927Z 7669de119c76: Pull complete
2025-03-13T17:01:47.2445301Z 352a86a34f46: Pull complete
2025-03-13T17:01:48.7464583Z 2fb16e13fe6b: Pull complete
2025-03-13T17:01:50.3542618Z e528b09238c3: Pull complete
2025-03-13T17:01:52.0069253Z fb532cafd0ee: Pull complete
2025-03-13T17:01:52.0353759Z 0353407a0e83: Pull complete
2025-03-13T17:02:35.3207639Z aaf208f804fe: Verifying Checksum
2025-03-13T17:02:35.3209658Z aaf208f804fe: Download complete
2025-03-13T17:02:39.2216731Z aaf208f804fe: Pull complete
2025-03-13T17:03:08.8549951Z 24f70edf5092: Verifying Checksum
2025-03-13T17:03:08.8550387Z 24f70edf5092: Download complete
2025-03-13T17:03:09.2358922Z 43fa221c8c70: Verifying Checksum
2025-03-13T17:03:09.2359359Z 43fa221c8c70: Download complete
2025-03-13T17:03:11.5946333Z d69821fe870d: Verifying Checksum
2025-03-13T17:03:11.5946724Z d69821fe870d: Download complete
2025-03-13T17:03:11.9910667Z aec8eb8de401: Verifying Checksum
2025-03-13T17:03:11.9911165Z aec8eb8de401: Download complete
2025-03-13T17:03:12.6631686Z 24f70edf5092: Pull complete
2025-03-13T17:03:16.5862360Z d69821fe870d: Pull complete
2025-03-13T17:03:44.1904288Z ce4fb002f733: Verifying Checksum
2025-03-13T17:03:44.1904842Z ce4fb002f733: Download complete
2025-03-13T17:03:49.1782328Z 50a0292bc760: Verifying Checksum
2025-03-13T17:03:49.1783241Z 50a0292bc760: Download complete
2025-03-13T17:03:51.7034372Z e151122cf420: Verifying Checksum
2025-03-13T17:03:51.7035056Z e151122cf420: Download complete
2025-03-13T17:03:53.1151627Z 50a0292bc760: Pull complete
2025-03-13T17:03:53.1435336Z 43fa221c8c70: Pull complete
2025-03-13T17:03:54.7860582Z 8a41d9ce8902: Verifying Checksum
2025-03-13T17:03:54.7861389Z 8a41d9ce8902: Download complete
2025-03-13T17:03:54.9294022Z ce4fb002f733: Pull complete
2025-03-13T17:03:54.9592481Z aec8eb8de401: Pull complete
2025-03-13T17:03:56.0242890Z c549d10a7069: Download complete
2025-03-13T17:03:58.6713801Z ba0bbaa66eb5: Verifying Checksum
2025-03-13T17:03:58.6908031Z ba0bbaa66eb5: Download complete
2025-03-13T17:03:58.6908369Z 41c42cd6e97b: Verifying Checksum
2025-03-13T17:03:58.6908636Z 41c42cd6e97b: Download complete
2025-03-13T17:03:58.9892939Z fe5e76e037b8: Verifying Checksum
2025-03-13T17:03:58.9893491Z fe5e76e037b8: Download complete
2025-03-13T17:03:59.0147130Z 0f4fec5afd4c: Verifying Checksum
2025-03-13T17:03:59.0147477Z 0f4fec5afd4c: Download complete
2025-03-13T17:04:05.9802058Z 313e984db9ee: Verifying Checksum
2025-03-13T17:04:05.9802651Z 313e984db9ee: Download complete
2025-03-13T17:04:06.3464091Z 3d02bb881c87: Verifying Checksum
2025-03-13T17:04:06.3464474Z 3d02bb881c87: