[2025-03-19 14:25:13Z INFO HostContext] No proxy settings were found based on environmental variables (http_proxy/https_proxy/HTTP_PROXY/HTTPS_PROXY)
[2025-03-19 14:25:13Z INFO HostContext] Well known directory 'Bin': '/home/jenny/tensorflow-mri/bin'
[2025-03-19 14:25:13Z INFO HostContext] Well known directory 'Root': '/home/jenny/tensorflow-mri'
[2025-03-19 14:25:13Z INFO HostContext] Well known config file 'Credentials': '/home/jenny/tensorflow-mri/.credentials'
[2025-03-19 14:25:13Z INFO HostContext] Well known directory 'Bin': '/home/jenny/tensorflow-mri/bin'
[2025-03-19 14:25:13Z INFO HostContext] Well known directory 'Root': '/home/jenny/tensorflow-mri'
[2025-03-19 14:25:13Z INFO HostContext] Well known config file 'Runner': '/home/jenny/tensorflow-mri/.runner'
[2025-03-19 14:25:13Z INFO Listener] Runner is built for Linux (X64) - linux-x64.
[2025-03-19 14:25:13Z INFO Listener] RuntimeInformation: Ubuntu 20.04.6 LTS.
[2025-03-19 14:25:13Z INFO Listener] Version: 2.322.0
[2025-03-19 14:25:13Z INFO Listener] Commit: 0edc478ca75d0a753dcbcec7405f3f26db67b1ac
[2025-03-19 14:25:13Z INFO Listener] Culture: en-GB
[2025-03-19 14:25:13Z INFO Listener] UI Culture: en-GB
[2025-03-19 14:25:13Z INFO HostContext] Well known directory 'Bin': '/home/jenny/tensorflow-mri/bin'
[2025-03-19 14:25:13Z INFO HostContext] Well known directory 'Root': '/home/jenny/tensorflow-mri'
[2025-03-19 14:25:13Z INFO Listener] Validating directory permissions for: '/home/jenny/tensorflow-mri'
[2025-03-19 14:25:13Z INFO CommandLineParser] Parse
[2025-03-19 14:25:13Z INFO CommandLineParser] Parsing 1 args
[2025-03-19 14:25:13Z INFO CommandLineParser] parsing argument
[2025-03-19 14:25:13Z INFO CommandLineParser] HasArgs: False
[2025-03-19 14:25:13Z INFO CommandLineParser] Adding Command: run
[2025-03-19 14:25:13Z INFO Listener] Arguments parsed
[2025-03-19 14:25:13Z INFO Runner] ExecuteCommand
[2025-03-19 14:25:13Z INFO ConfigurationStore] currentAssemblyLocation: /home/jenny/tensorflow-mri/bin/Runner.Listener.dll
[2025-03-19 14:25:13Z INFO HostContext] Well known directory 'Bin': '/home/jenny/tensorflow-mri/bin'
[2025-03-19 14:25:13Z INFO ConfigurationStore] binPath: /home/jenny/tensorflow-mri/bin
[2025-03-19 14:25:13Z INFO HostContext] Well known directory 'Bin': '/home/jenny/tensorflow-mri/bin'
[2025-03-19 14:25:13Z INFO HostContext] Well known directory 'Root': '/home/jenny/tensorflow-mri'
[2025-03-19 14:25:13Z INFO ConfigurationStore] RootFolder: /home/jenny/tensorflow-mri
[2025-03-19 14:25:13Z INFO HostContext] Well known directory 'Bin': '/home/jenny/tensorflow-mri/bin'
[2025-03-19 14:25:13Z INFO HostContext] Well known directory 'Root': '/home/jenny/tensorflow-mri'
[2025-03-19 14:25:13Z INFO HostContext] Well known config file 'Runner': '/home/jenny/tensorflow-mri/.runner'
[2025-03-19 14:25:13Z INFO ConfigurationStore] ConfigFilePath: /home/jenny/tensorflow-mri/.runner
[2025-03-19 14:25:13Z INFO HostContext] Well known directory 'Bin': '/home/jenny/tensorflow-mri/bin'
[2025-03-19 14:25:13Z INFO HostContext] Well known directory 'Root': '/home/jenny/tensorflow-mri'
[2025-03-19 14:25:13Z INFO HostContext] Well known config file 'Credentials': '/home/jenny/tensorflow-mri/.credentials'
[2025-03-19 14:25:13Z INFO ConfigurationStore] CredFilePath: /home/jenny/tensorflow-mri/.credentials
[2025-03-19 14:25:13Z INFO HostContext] Well known directory 'Bin': '/home/jenny/tensorflow-mri/bin'
[2025-03-19 14:25:13Z INFO HostContext] Well known directory 'Root': '/home/jenny/tensorflow-mri'
[2025-03-19 14:25:13Z INFO HostContext] Well known config file 'MigratedCredentials': '/home/jenny/tensorflow-mri/.credentials_migrated'
[2025-03-19 14:25:13Z INFO ConfigurationStore] MigratedCredFilePath: /home/jenny/tensorflow-mri/.credentials_migrated
[2025-03-19 14:25:13Z INFO HostContext] Well known directory 'Bin': '/home/jenny/tensorflow-mri/bin'
[2025-03-19 14:25:13Z INFO HostContext] Well known directory 'Root': '/home/jenny/tensorflow-mri'
[2025-03-19 14:25:13Z INFO HostContext] Well known config file 'Service': '/home/jenny/tensorflow-mri/.service'
[2025-03-19 14:25:13Z INFO ConfigurationStore] ServiceConfigFilePath: /home/jenny/tensorflow-mri/.service
[2025-03-19 14:25:13Z INFO CommandSettings] Flag 'help': 'False'
[2025-03-19 14:25:13Z INFO CommandSettings] Flag 'version': 'False'
[2025-03-19 14:25:13Z INFO CommandSettings] Flag 'commit': 'False'
[2025-03-19 14:25:13Z INFO CommandSettings] Flag 'check': 'False'
[2025-03-19 14:25:13Z INFO CommandSettings] Command 'configure': 'False'
[2025-03-19 14:25:13Z INFO CommandSettings] Command 'remove': 'False'
[2025-03-19 14:25:13Z INFO CommandSettings] Command 'warmup': 'False'
[2025-03-19 14:25:13Z INFO ConfigurationManager] LoadSettings
[2025-03-19 14:25:13Z INFO ConfigurationStore] IsConfigured()
[2025-03-19 14:25:13Z INFO ConfigurationStore] IsConfigured: True
[2025-03-19 14:25:13Z INFO ConfigurationManager] Is configured: True
[2025-03-19 14:25:13Z INFO ConfigurationStore] Read setting file: 294 chars
[2025-03-19 14:25:13Z INFO ConfigurationManager] Settings Loaded
[2025-03-19 14:25:13Z INFO ConfigurationStore] IsServiceConfigured()
[2025-03-19 14:25:13Z INFO ConfigurationStore] IsServiceConfigured: False
[2025-03-19 14:25:13Z INFO CommandSettings] Command 'run': 'True'
[2025-03-19 14:25:13Z INFO ConfigurationStore] IsConfigured()
[2025-03-19 14:25:13Z INFO ConfigurationStore] IsConfigured: True
[2025-03-19 14:25:13Z INFO ConfigurationManager] Is configured: True
[2025-03-19 14:25:13Z INFO Runner] Could not parse the argument value '' for StartupType. Defaulting to Manual
[2025-03-19 14:25:13Z INFO Runner] Set runner startup type - Manual
[2025-03-19 14:25:13Z INFO CommandSettings] Flag 'once': 'False'
[2025-03-19 14:25:13Z INFO CommandSettings] Flag 'once': 'False'
[2025-03-19 14:25:13Z INFO Runner] RunAsync
[2025-03-19 14:25:13Z INFO ConfigurationManager] LoadSettings
[2025-03-19 14:25:13Z INFO ConfigurationStore] IsConfigured()
[2025-03-19 14:25:13Z INFO ConfigurationStore] IsConfigured: True
[2025-03-19 14:25:13Z INFO ConfigurationManager] Is configured: True
[2025-03-19 14:25:13Z INFO ConfigurationManager] Settings Loaded
[2025-03-19 14:25:13Z INFO MessageListener] {
  "AgentId": 23,
  "AgentName": "eagle",
  "PoolId": 1,
  "PoolName": "Default",
  "ServerUrl": "https://pipelinesghubeus25.actions.githubusercontent.com/vt3bImj3043IXjYZVOBEgt9xtkc1LUzoh1ehrojRmktneQJqoL/",
  "GitHubUrl": "https://github.com/mrphys/tensorflow-mri",
  "WorkFolder": "_work"
}
[2025-03-19 14:25:13Z INFO MessageListener] Loading Credentials
[2025-03-19 14:25:13Z INFO ConfigurationStore] HasCredentials()
[2025-03-19 14:25:13Z INFO ConfigurationStore] stored True
[2025-03-19 14:25:13Z INFO CredentialManager] GetCredentialProvider
[2025-03-19 14:25:13Z INFO CredentialManager] Creating type OAuth
[2025-03-19 14:25:13Z INFO CredentialManager] Creating credential type: OAuth
[2025-03-19 14:25:13Z INFO HostContext] Well known directory 'Bin': '/home/jenny/tensorflow-mri/bin'
[2025-03-19 14:25:13Z INFO HostContext] Well known directory 'Root': '/home/jenny/tensorflow-mri'
[2025-03-19 14:25:13Z INFO HostContext] Well known config file 'RSACredentials': '/home/jenny/tensorflow-mri/.credentials_rsaparams'
[2025-03-19 14:25:13Z INFO RSAFileKeyManager] Loading RSA key parameters from file /home/jenny/tensorflow-mri/.credentials_rsaparams
[2025-03-19 14:25:13Z INFO MessageListener] Attempt to create session.
[2025-03-19 14:25:13Z INFO MessageListener] Connecting to the Runner Server...
[2025-03-19 14:25:13Z INFO RunnerServer] EstablishVssConnection
[2025-03-19 14:25:13Z INFO RunnerServer] Establish connection with 100 seconds timeout.
[2025-03-19 14:25:13Z INFO GitHubActionsService] Starting operation Location.GetConnectionData
[2025-03-19 14:25:13Z INFO RunnerServer] EstablishVssConnection
[2025-03-19 14:25:13Z INFO RunnerServer] Establish connection with 60 seconds timeout.
[2025-03-19 14:25:13Z INFO GitHubActionsService] Starting operation Location.GetConnectionData
[2025-03-19 14:25:13Z INFO RunnerServer] EstablishVssConnection
[2025-03-19 14:25:13Z INFO RunnerServer] Establish connection with 60 seconds timeout.
[2025-03-19 14:25:13Z INFO GitHubActionsService] Starting operation Location.GetConnectionData
[2025-03-19 14:25:13Z INFO GitHubActionsService] Finished operation Location.GetConnectionData
[2025-03-19 14:25:13Z INFO GitHubActionsService] Finished operation Location.GetConnectionData
[2025-03-19 14:25:14Z INFO GitHubActionsService] Finished operation Location.GetConnectionData
[2025-03-19 14:25:14Z INFO MessageListener] VssConnection created
[2025-03-19 14:25:14Z INFO Terminal] WRITE LINE: 
[2025-03-19 14:25:14Z INFO Terminal] WRITE LINE: 
[2025-03-19 14:25:14Z INFO RSAFileKeyManager] Loading RSA key parameters from file /home/jenny/tensorflow-mri/.credentials_rsaparams
[2025-03-19 14:25:14Z INFO RSAFileKeyManager] Loading RSA key parameters from file /home/jenny/tensorflow-mri/.credentials_rsaparams
[2025-03-19 14:25:14Z INFO GitHubActionsService] AAD Correlation ID for this token request: Unknown
[2025-03-19 14:25:14Z INFO MessageListener] Session created.
[2025-03-19 14:25:14Z INFO Terminal] WRITE LINE: Current runner version: '2.322.0'
[2025-03-19 14:25:14Z INFO Terminal] WRITE LINE: 2025-03-19 14:25:14Z: Listening for Jobs
[2025-03-19 14:25:14Z INFO JobDispatcher] Set runner/worker IPC timeout to 30 seconds.
[2025-03-19 14:25:14Z INFO RSAFileKeyManager] Loading RSA key parameters from file /home/jenny/tensorflow-mri/.credentials_rsaparams
[2025-03-19 14:25:15Z INFO GitHubActionsService] AAD Correlation ID for this token request: Unknown
