[2025-03-18 11:19:48Z INFO HostContext] No proxy settings were found based on environmental variables (http_proxy/https_proxy/HTTP_PROXY/HTTPS_PROXY)
[2025-03-18 11:19:48Z INFO HostContext] Well known directory 'Bin': '/home/jenny/tensorflow-mri/actions-runner/bin'
[2025-03-18 11:19:48Z INFO HostContext] Well known directory 'Root': '/home/jenny/tensorflow-mri/actions-runner'
[2025-03-18 11:19:48Z INFO HostContext] Well known config file 'Credentials': '/home/jenny/tensorflow-mri/actions-runner/.credentials'
[2025-03-18 11:19:48Z INFO HostContext] Well known directory 'Bin': '/home/jenny/tensorflow-mri/actions-runner/bin'
[2025-03-18 11:19:48Z INFO HostContext] Well known directory 'Root': '/home/jenny/tensorflow-mri/actions-runner'
[2025-03-18 11:19:48Z INFO HostContext] Well known config file 'Runner': '/home/jenny/tensorflow-mri/actions-runner/.runner'
[2025-03-18 11:19:48Z INFO Listener] Runner is built for Linux (X64) - linux-x64.
[2025-03-18 11:19:48Z INFO Listener] RuntimeInformation: Ubuntu 20.04.6 LTS.
[2025-03-18 11:19:48Z INFO Listener] Version: 2.322.0
[2025-03-18 11:19:48Z INFO Listener] Commit: 0edc478ca75d0a753dcbcec7405f3f26db67b1ac
[2025-03-18 11:19:48Z INFO Listener] Culture: en-GB
[2025-03-18 11:19:48Z INFO Listener] UI Culture: en-GB
[2025-03-18 11:19:48Z INFO HostContext] Well known directory 'Bin': '/home/jenny/tensorflow-mri/actions-runner/bin'
[2025-03-18 11:19:48Z INFO HostContext] Well known directory 'Root': '/home/jenny/tensorflow-mri/actions-runner'
[2025-03-18 11:19:48Z INFO Listener] Validating directory permissions for: '/home/jenny/tensorflow-mri/actions-runner'
[2025-03-18 11:19:48Z INFO CommandLineParser] Parse
[2025-03-18 11:19:48Z INFO CommandLineParser] Parsing 1 args
[2025-03-18 11:19:48Z INFO CommandLineParser] parsing argument
[2025-03-18 11:19:48Z INFO CommandLineParser] HasArgs: False
[2025-03-18 11:19:48Z INFO CommandLineParser] Adding Command: run
[2025-03-18 11:19:48Z INFO Listener] Arguments parsed
[2025-03-18 11:19:48Z INFO Runner] ExecuteCommand
[2025-03-18 11:19:48Z INFO ConfigurationStore] currentAssemblyLocation: /home/jenny/tensorflow-mri/actions-runner/bin/Runner.Listener.dll
[2025-03-18 11:19:48Z INFO HostContext] Well known directory 'Bin': '/home/jenny/tensorflow-mri/actions-runner/bin'
[2025-03-18 11:19:48Z INFO ConfigurationStore] binPath: /home/jenny/tensorflow-mri/actions-runner/bin
[2025-03-18 11:19:48Z INFO HostContext] Well known directory 'Bin': '/home/jenny/tensorflow-mri/actions-runner/bin'
[2025-03-18 11:19:48Z INFO HostContext] Well known directory 'Root': '/home/jenny/tensorflow-mri/actions-runner'
[2025-03-18 11:19:48Z INFO ConfigurationStore] RootFolder: /home/jenny/tensorflow-mri/actions-runner
[2025-03-18 11:19:48Z INFO HostContext] Well known directory 'Bin': '/home/jenny/tensorflow-mri/actions-runner/bin'
[2025-03-18 11:19:48Z INFO HostContext] Well known directory 'Root': '/home/jenny/tensorflow-mri/actions-runner'
[2025-03-18 11:19:48Z INFO HostContext] Well known config file 'Runner': '/home/jenny/tensorflow-mri/actions-runner/.runner'
[2025-03-18 11:19:48Z INFO ConfigurationStore] ConfigFilePath: /home/jenny/tensorflow-mri/actions-runner/.runner
[2025-03-18 11:19:48Z INFO HostContext] Well known directory 'Bin': '/home/jenny/tensorflow-mri/actions-runner/bin'
[2025-03-18 11:19:48Z INFO HostContext] Well known directory 'Root': '/home/jenny/tensorflow-mri/actions-runner'
[2025-03-18 11:19:48Z INFO HostContext] Well known config file 'Credentials': '/home/jenny/tensorflow-mri/actions-runner/.credentials'
[2025-03-18 11:19:48Z INFO ConfigurationStore] CredFilePath: /home/jenny/tensorflow-mri/actions-runner/.credentials
[2025-03-18 11:19:48Z INFO HostContext] Well known directory 'Bin': '/home/jenny/tensorflow-mri/actions-runner/bin'
[2025-03-18 11:19:48Z INFO HostContext] Well known directory 'Root': '/home/jenny/tensorflow-mri/actions-runner'
[2025-03-18 11:19:48Z INFO HostContext] Well known config file 'MigratedCredentials': '/home/jenny/tensorflow-mri/actions-runner/.credentials_migrated'
[2025-03-18 11:19:48Z INFO ConfigurationStore] MigratedCredFilePath: /home/jenny/tensorflow-mri/actions-runner/.credentials_migrated
[2025-03-18 11:19:48Z INFO HostContext] Well known directory 'Bin': '/home/jenny/tensorflow-mri/actions-runner/bin'
[2025-03-18 11:19:48Z INFO HostContext] Well known directory 'Root': '/home/jenny/tensorflow-mri/actions-runner'
[2025-03-18 11:19:48Z INFO HostContext] Well known config file 'Service': '/home/jenny/tensorflow-mri/actions-runner/.service'
[2025-03-18 11:19:48Z INFO ConfigurationStore] ServiceConfigFilePath: /home/jenny/tensorflow-mri/actions-runner/.service
[2025-03-18 11:19:48Z INFO CommandSettings] Flag 'help': 'False'
[2025-03-18 11:19:48Z INFO CommandSettings] Flag 'version': 'False'
[2025-03-18 11:19:48Z INFO CommandSettings] Flag 'commit': 'False'
[2025-03-18 11:19:48Z INFO CommandSettings] Flag 'check': 'False'
[2025-03-18 11:19:48Z INFO CommandSettings] Command 'configure': 'False'
[2025-03-18 11:19:48Z INFO CommandSettings] Command 'remove': 'False'
[2025-03-18 11:19:48Z INFO CommandSettings] Command 'warmup': 'False'
[2025-03-18 11:19:48Z INFO ConfigurationManager] LoadSettings
[2025-03-18 11:19:48Z INFO ConfigurationStore] IsConfigured()
[2025-03-18 11:19:48Z INFO ConfigurationStore] IsConfigured: True
[2025-03-18 11:19:48Z INFO ConfigurationManager] Is configured: True
[2025-03-18 11:19:48Z INFO ConfigurationStore] Read setting file: 294 chars
[2025-03-18 11:19:48Z INFO ConfigurationManager] Settings Loaded
[2025-03-18 11:19:48Z INFO ConfigurationStore] IsServiceConfigured()
[2025-03-18 11:19:48Z INFO ConfigurationStore] IsServiceConfigured: False
[2025-03-18 11:19:48Z INFO CommandSettings] Command 'run': 'True'
[2025-03-18 11:19:48Z INFO ConfigurationStore] IsConfigured()
[2025-03-18 11:19:48Z INFO ConfigurationStore] IsConfigured: True
[2025-03-18 11:19:48Z INFO ConfigurationManager] Is configured: True
[2025-03-18 11:19:48Z INFO Runner] Could not parse the argument value '' for StartupType. Defaulting to Manual
[2025-03-18 11:19:48Z INFO Runner] Set runner startup type - Manual
[2025-03-18 11:19:48Z INFO CommandSettings] Flag 'once': 'False'
[2025-03-18 11:19:48Z INFO CommandSettings] Flag 'once': 'False'
[2025-03-18 11:19:48Z INFO Runner] RunAsync
[2025-03-18 11:19:48Z INFO ConfigurationManager] LoadSettings
[2025-03-18 11:19:48Z INFO ConfigurationStore] IsConfigured()
[2025-03-18 11:19:48Z INFO ConfigurationStore] IsConfigured: True
[2025-03-18 11:19:48Z INFO ConfigurationManager] Is configured: True
[2025-03-18 11:19:48Z INFO ConfigurationManager] Settings Loaded
[2025-03-18 11:19:48Z INFO MessageListener] {
  "AgentId": 22,
  "AgentName": "eagle",
  "PoolId": 1,
  "PoolName": "Default",
  "ServerUrl": "https://pipelinesghubeus25.actions.githubusercontent.com/vt3bImj3043IXjYZVOBEgt9xtkc1LUzoh1ehrojRmktneQJqoL/",
  "GitHubUrl": "https://github.com/mrphys/tensorflow-mri",
  "WorkFolder": "_work"
}
[2025-03-18 11:19:48Z INFO MessageListener] Loading Credentials
[2025-03-18 11:19:48Z INFO ConfigurationStore] HasCredentials()
[2025-03-18 11:19:48Z INFO ConfigurationStore] stored True
[2025-03-18 11:19:48Z INFO CredentialManager] GetCredentialProvider
[2025-03-18 11:19:48Z INFO CredentialManager] Creating type OAuth
[2025-03-18 11:19:48Z INFO CredentialManager] Creating credential type: OAuth
[2025-03-18 11:19:48Z INFO HostContext] Well known directory 'Bin': '/home/jenny/tensorflow-mri/actions-runner/bin'
[2025-03-18 11:19:48Z INFO HostContext] Well known directory 'Root': '/home/jenny/tensorflow-mri/actions-runner'
[2025-03-18 11:19:48Z INFO HostContext] Well known config file 'RSACredentials': '/home/jenny/tensorflow-mri/actions-runner/.credentials_rsaparams'
[2025-03-18 11:19:48Z INFO RSAFileKeyManager] Loading RSA key parameters from file /home/jenny/tensorflow-mri/actions-runner/.credentials_rsaparams
[2025-03-18 11:19:48Z INFO MessageListener] Attempt to create session.
[2025-03-18 11:19:48Z INFO MessageListener] Connecting to the Runner Server...
[2025-03-18 11:19:48Z INFO RunnerServer] EstablishVssConnection
[2025-03-18 11:19:48Z INFO RunnerServer] Establish connection with 100 seconds timeout.
[2025-03-18 11:19:48Z INFO GitHubActionsService] Starting operation Location.GetConnectionData
[2025-03-18 11:19:48Z INFO RunnerServer] EstablishVssConnection
[2025-03-18 11:19:48Z INFO RunnerServer] Establish connection with 60 seconds timeout.
[2025-03-18 11:19:48Z INFO GitHubActionsService] Starting operation Location.GetConnectionData
[2025-03-18 11:19:48Z INFO RunnerServer] EstablishVssConnection
[2025-03-18 11:19:48Z INFO RunnerServer] Establish connection with 60 seconds timeout.
[2025-03-18 11:19:48Z INFO GitHubActionsService] Starting operation Location.GetConnectionData
[2025-03-18 11:19:49Z INFO GitHubActionsService] Finished operation Location.GetConnectionData
[2025-03-18 11:19:49Z INFO GitHubActionsService] Finished operation Location.GetConnectionData
[2025-03-18 11:19:49Z INFO GitHubActionsService] Finished operation Location.GetConnectionData
[2025-03-18 11:19:49Z INFO MessageListener] VssConnection created
[2025-03-18 11:19:49Z INFO Terminal] WRITE LINE: 
[2025-03-18 11:19:49Z INFO Terminal] WRITE LINE: 
[2025-03-18 11:19:49Z INFO RSAFileKeyManager] Loading RSA key parameters from file /home/jenny/tensorflow-mri/actions-runner/.credentials_rsaparams
[2025-03-18 11:19:49Z INFO RSAFileKeyManager] Loading RSA key parameters from file /home/jenny/tensorflow-mri/actions-runner/.credentials_rsaparams
[2025-03-18 11:19:49Z INFO GitHubActionsService] AAD Correlation ID for this token request: Unknown
[2025-03-18 11:19:50Z INFO MessageListener] Session created.
[2025-03-18 11:19:50Z INFO Terminal] WRITE LINE: Current runner version: '2.322.0'
[2025-03-18 11:19:50Z INFO Terminal] WRITE LINE: 2025-03-18 11:19:50Z: Listening for Jobs
[2025-03-18 11:19:50Z INFO JobDispatcher] Set runner/worker IPC timeout to 30 seconds.
[2025-03-18 11:19:50Z INFO RSAFileKeyManager] Loading RSA key parameters from file /home/jenny/tensorflow-mri/actions-runner/.credentials_rsaparams
[2025-03-18 11:19:50Z INFO GitHubActionsService] AAD Correlation ID for this token request: Unknown
[2025-03-18 11:21:39Z INFO MessageListener] Message '1449230234713597682' received from session 'd2d19f36-acaf-4cde-a6fc-aeee523790ef'.
[2025-03-18 11:21:39Z INFO ConfigurationStore] HasCredentials()
[2025-03-18 11:21:39Z INFO ConfigurationStore] stored True
[2025-03-18 11:21:39Z INFO CredentialManager] GetCredentialProvider
[2025-03-18 11:21:39Z INFO CredentialManager] Creating type OAuth
[2025-03-18 11:21:39Z INFO CredentialManager] Creating credential type: OAuth
[2025-03-18 11:21:39Z INFO RSAFileKeyManager] Loading RSA key parameters from file /home/jenny/tensorflow-mri/actions-runner/.credentials_rsaparams
[2025-03-18 11:21:39Z INFO RSAFileKeyManager] Loading RSA key parameters from file /home/jenny/tensorflow-mri/actions-runner/.credentials_rsaparams
[2025-03-18 11:21:39Z INFO RSAFileKeyManager] Loading RSA key parameters from file /home/jenny/tensorflow-mri/actions-runner/.credentials_rsaparams
[2025-03-18 11:21:39Z INFO GitHubActionsService] AAD Correlation ID for this token request: Unknown
[2025-03-18 11:21:40Z INFO JobDispatcher] Job request 0 for plan c20b5653-0f9a-454e-bac6-4ff740629ab9 job f4db9b4e-895c-579b-bf46-1eddea649fdb received.
[2025-03-18 11:21:40Z INFO MessageListener] Received job status event. JobState: Busy
[2025-03-18 11:21:40Z INFO MessageListener] _getMessagesTokenSource is already disposed.
[2025-03-18 11:21:40Z INFO Terminal] WRITE LINE: 2025-03-18 11:21:40Z: Running job: Build package (3.10)
[2025-03-18 11:21:40Z INFO JobDispatcher] Start renew job request 0 for job f4db9b4e-895c-579b-bf46-1eddea649fdb.
[2025-03-18 11:21:40Z INFO JobDispatcher] Successfully renew job f4db9b4e-895c-579b-bf46-1eddea649fdb, job is valid till 18/03/2025 11:31:40
[2025-03-18 11:21:40Z INFO HostContext] Well known directory 'Bin': '/home/jenny/tensorflow-mri/actions-runner/bin'
[2025-03-18 11:21:41Z INFO ProcessInvokerWrapper] Starting process:
[2025-03-18 11:21:41Z INFO ProcessInvokerWrapper]   File name: '/home/jenny/tensorflow-mri/actions-runner/bin/Runner.Worker'
[2025-03-18 11:21:41Z INFO ProcessInvokerWrapper]   Arguments: 'spawnclient 152 155'
[2025-03-18 11:21:41Z INFO ProcessInvokerWrapper]   Working directory: '/home/jenny/tensorflow-mri/actions-runner/bin'
[2025-03-18 11:21:41Z INFO ProcessInvokerWrapper]   Require exit code zero: 'False'
[2025-03-18 11:21:41Z INFO ProcessInvokerWrapper]   Encoding web name:  ; code page: ''
[2025-03-18 11:21:41Z INFO ProcessInvokerWrapper]   Force kill process on cancellation: 'True'
[2025-03-18 11:21:41Z INFO ProcessInvokerWrapper]   Redirected STDIN: 'False'
[2025-03-18 11:21:41Z INFO ProcessInvokerWrapper]   Persist current code page: 'False'
[2025-03-18 11:21:41Z INFO ProcessInvokerWrapper]   Keep redirected STDIN open: 'False'
[2025-03-18 11:21:41Z INFO ProcessInvokerWrapper]   High priority process: 'True'
[2025-03-18 11:21:41Z INFO ProcessInvokerWrapper] Process started with process id 839890, waiting for process exit.
[2025-03-18 11:21:41Z INFO JobDispatcher] Send job request message to worker for job f4db9b4e-895c-579b-bf46-1eddea649fdb.
[2025-03-18 11:21:41Z INFO ProcessChannel] Sending message of length 26564, with hash '82b5fbe549a879025133cba3e9546ed0ad1e3cf243f406c8da2a71509d94e943'
[2025-03-18 11:21:41Z INFO JobNotification] Entering JobStarted Notification
[2025-03-18 11:21:41Z INFO JobNotification] Entering StartMonitor
[2025-03-18 11:22:41Z INFO JobDispatcher] Successfully renew job f4db9b4e-895c-579b-bf46-1eddea649fdb, job is valid till 18/03/2025 11:32:41
[2025-03-18 11:23:41Z INFO JobDispatcher] Successfully renew job f4db9b4e-895c-579b-bf46-1eddea649fdb, job is valid till 18/03/2025 11:33:41
[2025-03-18 11:24:41Z INFO JobDispatcher] Successfully renew job f4db9b4e-895c-579b-bf46-1eddea649fdb, job is valid till 18/03/2025 11:34:41
[2025-03-18 11:25:41Z INFO JobDispatcher] Successfully renew job f4db9b4e-895c-579b-bf46-1eddea649fdb, job is valid till 18/03/2025 11:35:41
[2025-03-18 11:26:41Z INFO JobDispatcher] Successfully renew job f4db9b4e-895c-579b-bf46-1eddea649fdb, job is valid till 18/03/2025 11:36:41
[2025-03-18 11:27:41Z INFO JobDispatcher] Successfully renew job f4db9b4e-895c-579b-bf46-1eddea649fdb, job is valid till 18/03/2025 11:37:41
[2025-03-18 11:28:42Z INFO JobDispatcher] Successfully renew job f4db9b4e-895c-579b-bf46-1eddea649fdb, job is valid till 18/03/2025 11:38:41
[2025-03-18 11:29:42Z INFO JobDispatcher] Successfully renew job f4db9b4e-895c-579b-bf46-1eddea649fdb, job is valid till 18/03/2025 11:39:42
[2025-03-18 11:30:42Z INFO JobDispatcher] Successfully renew job f4db9b4e-895c-579b-bf46-1eddea649fdb, job is valid till 18/03/2025 11:40:42
[2025-03-18 11:31:42Z INFO JobDispatcher] Successfully renew job f4db9b4e-895c-579b-bf46-1eddea649fdb, job is valid till 18/03/2025 11:41:42
[2025-03-18 11:31:43Z INFO ProcessInvokerWrapper] STDOUT/STDERR stream read finished.
[2025-03-18 11:31:43Z INFO ProcessInvokerWrapper] STDOUT/STDERR stream read finished.
[2025-03-18 11:31:43Z INFO ProcessInvokerWrapper] Finished process 839890 with exit code 102, and elapsed time 00:10:02.9064763.
[2025-03-18 11:31:43Z INFO JobDispatcher] Worker finished for job f4db9b4e-895c-579b-bf46-1eddea649fdb. Code: 102
[2025-03-18 11:31:43Z INFO JobDispatcher] finish job request for job f4db9b4e-895c-579b-bf46-1eddea649fdb with result: Failed
[2025-03-18 11:31:43Z INFO Terminal] WRITE LINE: 2025-03-18 11:31:43Z: Job Build package (3.10) completed with result: Failed
[2025-03-18 11:31:43Z INFO JobDispatcher] Stop renew job request for job f4db9b4e-895c-579b-bf46-1eddea649fdb.
[2025-03-18 11:31:43Z INFO JobDispatcher] job renew has been cancelled, stop renew job f4db9b4e-895c-579b-bf46-1eddea649fdb.
[2025-03-18 11:31:43Z INFO JobNotification] Entering JobCompleted Notification
[2025-03-18 11:31:43Z INFO JobNotification] Entering EndMonitor
[2025-03-18 11:31:43Z INFO MessageListener] Received job status event. JobState: Online
[2025-03-18 11:31:44Z INFO MessageListener] Message '8981313758511070652' received from session 'd2d19f36-acaf-4cde-a6fc-aeee523790ef'.
[2025-03-18 11:31:44Z INFO ConfigurationStore] HasCredentials()
[2025-03-18 11:31:44Z INFO ConfigurationStore] stored True
[2025-03-18 11:31:44Z INFO CredentialManager] GetCredentialProvider
[2025-03-18 11:31:44Z INFO CredentialManager] Creating type OAuth
[2025-03-18 11:31:44Z INFO CredentialManager] Creating credential type: OAuth
[2025-03-18 11:31:44Z INFO RSAFileKeyManager] Loading RSA key parameters from file /home/jenny/tensorflow-mri/actions-runner/.credentials_rsaparams
[2025-03-18 11:31:44Z INFO RSAFileKeyManager] Loading RSA key parameters from file /home/jenny/tensorflow-mri/actions-runner/.credentials_rsaparams
[2025-03-18 11:31:44Z INFO RSAFileKeyManager] Loading RSA key parameters from file /home/jenny/tensorflow-mri/actions-runner/.credentials_rsaparams
[2025-03-18 11:31:44Z INFO GitHubActionsService] AAD Correlation ID for this token request: Unknown
[2025-03-18 11:31:44Z ERR  GitHubActionsService] POST request to https://run-actions-1-azure-eastus.actions.githubusercontent.com/11/acquirejob failed. HTTP Status: Conflict
[2025-03-18 11:31:44Z INFO Runner] Skipping message Job. Job message already acquired '24392d95-bdef-58b8-873b-85e4d49449fb'. job assignment is invalid: MissingKey
[2025-03-18 11:31:46Z INFO MessageListener] Message '8636582441867742059' received from session 'd2d19f36-acaf-4cde-a6fc-aeee523790ef'.
[2025-03-18 11:31:46Z INFO ConfigurationStore] HasCredentials()
[2025-03-18 11:31:46Z INFO ConfigurationStore] stored True
[2025-03-18 11:31:46Z INFO CredentialManager] GetCredentialProvider
[2025-03-18 11:31:46Z INFO CredentialManager] Creating type OAuth
[2025-03-18 11:31:46Z INFO CredentialManager] Creating credential type: OAuth
[2025-03-18 11:31:46Z INFO RSAFileKeyManager] Loading RSA key parameters from file /home/jenny/tensorflow-mri/actions-runner/.credentials_rsaparams
[2025-03-18 11:31:46Z INFO RSAFileKeyManager] Loading RSA key parameters from file /home/jenny/tensorflow-mri/actions-runner/.credentials_rsaparams
[2025-03-18 11:31:46Z INFO RSAFileKeyManager] Loading RSA key parameters from file /home/jenny/tensorflow-mri/actions-runner/.credentials_rsaparams
[2025-03-18 11:31:46Z INFO GitHubActionsService] AAD Correlation ID for this token request: Unknown
[2025-03-18 11:31:47Z INFO JobDispatcher] Job request 0 for plan c20b5653-0f9a-454e-bac6-4ff740629ab9 job e118e413-25ef-5b41-a2c1-66ebc4380589 received.
[2025-03-18 11:31:47Z INFO MessageListener] Received job status event. JobState: Busy
[2025-03-18 11:31:47Z INFO MessageListener] _getMessagesTokenSource is already disposed.
[2025-03-18 11:31:47Z INFO JobDispatcher] Job request f4db9b4e-895c-579b-bf46-1eddea649fdb processed succeed.
[2025-03-18 11:31:47Z INFO Terminal] WRITE LINE: 2025-03-18 11:31:47Z: Running job: Paper Draft
[2025-03-18 11:31:47Z INFO JobDispatcher] Start renew job request 0 for job e118e413-25ef-5b41-a2c1-66ebc4380589.
[2025-03-18 11:31:47Z INFO JobDispatcher] Successfully renew job e118e413-25ef-5b41-a2c1-66ebc4380589, job is valid till 18/03/2025 11:41:47
[2025-03-18 11:31:47Z INFO HostContext] Well known directory 'Bin': '/home/jenny/tensorflow-mri/actions-runner/bin'
[2025-03-18 11:31:47Z INFO ProcessInvokerWrapper] Starting process:
[2025-03-18 11:31:47Z INFO ProcessInvokerWrapper]   File name: '/home/jenny/tensorflow-mri/actions-runner/bin/Runner.Worker'
[2025-03-18 11:31:47Z INFO ProcessInvokerWrapper]   Arguments: 'spawnclient 156 159'
[2025-03-18 11:31:47Z INFO ProcessInvokerWrapper]   Working directory: '/home/jenny/tensorflow-mri/actions-runner/bin'
[2025-03-18 11:31:47Z INFO ProcessInvokerWrapper]   Require exit code zero: 'False'
[2025-03-18 11:31:47Z INFO ProcessInvokerWrapper]   Encoding web name:  ; code page: ''
[2025-03-18 11:31:47Z INFO ProcessInvokerWrapper]   Force kill process on cancellation: 'True'
[2025-03-18 11:31:47Z INFO ProcessInvokerWrapper]   Redirected STDIN: 'False'
[2025-03-18 11:31:47Z INFO ProcessInvokerWrapper]   Persist current code page: 'False'
[2025-03-18 11:31:47Z INFO ProcessInvokerWrapper]   Keep redirected STDIN open: 'False'
[2025-03-18 11:31:47Z INFO ProcessInvokerWrapper]   High priority process: 'True'
[2025-03-18 11:31:47Z INFO ProcessInvokerWrapper] Process started with process id 947364, waiting for process exit.
[2025-03-18 11:31:47Z INFO JobDispatcher] Send job request message to worker for job e118e413-25ef-5b41-a2c1-66ebc4380589.
[2025-03-18 11:31:47Z INFO ProcessChannel] Sending message of length 20912, with hash '545e45c39bd786d43f128ce48d2ccaa659e937b5bd62c243f88a5dce6414dc39'
[2025-03-18 11:31:47Z INFO JobNotification] Entering JobStarted Notification
[2025-03-18 11:31:47Z INFO JobNotification] Entering StartMonitor
[2025-03-18 11:31:54Z INFO ProcessInvokerWrapper] STDOUT/STDERR stream read finished.
[2025-03-18 11:31:54Z INFO ProcessInvokerWrapper] STDOUT/STDERR stream read finished.
[2025-03-18 11:31:54Z INFO ProcessInvokerWrapper] Finished process 947364 with exit code 102, and elapsed time 00:00:07.4029068.
[2025-03-18 11:31:54Z INFO JobDispatcher] Worker finished for job e118e413-25ef-5b41-a2c1-66ebc4380589. Code: 102
[2025-03-18 11:31:54Z INFO JobDispatcher] finish job request for job e118e413-25ef-5b41-a2c1-66ebc4380589 with result: Failed
[2025-03-18 11:31:54Z INFO Terminal] WRITE LINE: 2025-03-18 11:31:54Z: Job Paper Draft completed with result: Failed
[2025-03-18 11:31:54Z INFO JobDispatcher] Stop renew job request for job e118e413-25ef-5b41-a2c1-66ebc4380589.
[2025-03-18 11:31:54Z INFO JobDispatcher] job renew has been cancelled, stop renew job e118e413-25ef-5b41-a2c1-66ebc4380589.
[2025-03-18 11:31:54Z INFO JobNotification] Entering JobCompleted Notification
[2025-03-18 11:31:54Z INFO JobNotification] Entering EndMonitor
[2025-03-18 11:31:54Z INFO MessageListener] Received job status event. JobState: Online
[2025-03-18 11:36:28Z INFO MessageListener] Message '5493017444481017939' received from session 'd2d19f36-acaf-4cde-a6fc-aeee523790ef'.
[2025-03-18 11:36:28Z INFO ConfigurationStore] HasCredentials()
[2025-03-18 11:36:28Z INFO ConfigurationStore] stored True
[2025-03-18 11:36:28Z INFO CredentialManager] GetCredentialProvider
[2025-03-18 11:36:28Z INFO CredentialManager] Creating type OAuth
[2025-03-18 11:36:28Z INFO CredentialManager] Creating credential type: OAuth
[2025-03-18 11:36:28Z INFO RSAFileKeyManager] Loading RSA key parameters from file /home/jenny/tensorflow-mri/actions-runner/.credentials_rsaparams
[2025-03-18 11:36:28Z INFO RSAFileKeyManager] Loading RSA key parameters from file /home/jenny/tensorflow-mri/actions-runner/.credentials_rsaparams
[2025-03-18 11:36:28Z INFO RSAFileKeyManager] Loading RSA key parameters from file /home/jenny/tensorflow-mri/actions-runner/.credentials_rsaparams
[2025-03-18 11:36:28Z INFO GitHubActionsService] AAD Correlation ID for this token request: Unknown
[2025-03-18 11:36:29Z INFO JobDispatcher] Job request 0 for plan f9831e23-b408-4648-9cf3-bae7a143ca3d job 19c20039-bbb4-5086-b8b6-587107183384 received.
[2025-03-18 11:36:29Z INFO MessageListener] Received job status event. JobState: Busy
[2025-03-18 11:36:29Z INFO MessageListener] _getMessagesTokenSource is already disposed.
[2025-03-18 11:36:29Z INFO JobDispatcher] Job request e118e413-25ef-5b41-a2c1-66ebc4380589 processed succeed.
[2025-03-18 11:36:29Z INFO Terminal] WRITE LINE: 2025-03-18 11:36:29Z: Running job: Build package (3.9)
[2025-03-18 11:36:29Z INFO JobDispatcher] Start renew job request 0 for job 19c20039-bbb4-5086-b8b6-587107183384.
[2025-03-18 11:36:29Z INFO JobDispatcher] Successfully renew job 19c20039-bbb4-5086-b8b6-587107183384, job is valid till 18/03/2025 11:46:29
[2025-03-18 11:36:29Z INFO HostContext] Well known directory 'Bin': '/home/jenny/tensorflow-mri/actions-runner/bin'
[2025-03-18 11:36:29Z INFO ProcessInvokerWrapper] Starting process:
[2025-03-18 11:36:29Z INFO ProcessInvokerWrapper]   File name: '/home/jenny/tensorflow-mri/actions-runner/bin/Runner.Worker'
[2025-03-18 11:36:29Z INFO ProcessInvokerWrapper]   Arguments: 'spawnclient 153 157'
[2025-03-18 11:36:29Z INFO ProcessInvokerWrapper]   Working directory: '/home/jenny/tensorflow-mri/actions-runner/bin'
[2025-03-18 11:36:29Z INFO ProcessInvokerWrapper]   Require exit code zero: 'False'
[2025-03-18 11:36:29Z INFO ProcessInvokerWrapper]   Encoding web name:  ; code page: ''
[2025-03-18 11:36:29Z INFO ProcessInvokerWrapper]   Force kill process on cancellation: 'True'
[2025-03-18 11:36:29Z INFO ProcessInvokerWrapper]   Redirected STDIN: 'False'
[2025-03-18 11:36:29Z INFO ProcessInvokerWrapper]   Persist current code page: 'False'
[2025-03-18 11:36:29Z INFO ProcessInvokerWrapper]   Keep redirected STDIN open: 'False'
[2025-03-18 11:36:29Z INFO ProcessInvokerWrapper]   High priority process: 'True'
[2025-03-18 11:36:29Z INFO ProcessInvokerWrapper] Process started with process id 950939, waiting for process exit.
[2025-03-18 11:36:29Z INFO JobDispatcher] Send job request message to worker for job 19c20039-bbb4-5086-b8b6-587107183384.
[2025-03-18 11:36:29Z INFO ProcessChannel] Sending message of length 26557, with hash '82fc403c7c3b42b1451eaf6257951af2611fde386d1622bd7ec24fb202420416'
[2025-03-18 11:36:29Z INFO JobNotification] Entering JobStarted Notification
[2025-03-18 11:36:29Z INFO JobNotification] Entering StartMonitor
[2025-03-18 11:37:29Z INFO JobDispatcher] Successfully renew job 19c20039-bbb4-5086-b8b6-587107183384, job is valid till 18/03/2025 11:47:29
[2025-03-18 11:38:30Z INFO JobDispatcher] Successfully renew job 19c20039-bbb4-5086-b8b6-587107183384, job is valid till 18/03/2025 11:48:30
[2025-03-18 11:39:30Z INFO JobDispatcher] Successfully renew job 19c20039-bbb4-5086-b8b6-587107183384, job is valid till 18/03/2025 11:49:30
[2025-03-18 11:40:30Z INFO JobDispatcher] Successfully renew job 19c20039-bbb4-5086-b8b6-587107183384, job is valid till 18/03/2025 11:50:30
[2025-03-18 11:41:30Z INFO JobDispatcher] Successfully renew job 19c20039-bbb4-5086-b8b6-587107183384, job is valid till 18/03/2025 11:51:30
[2025-03-18 11:42:30Z INFO JobDispatcher] Successfully renew job 19c20039-bbb4-5086-b8b6-587107183384, job is valid till 18/03/2025 11:52:30
[2025-03-18 11:43:30Z INFO JobDispatcher] Successfully renew job 19c20039-bbb4-5086-b8b6-587107183384, job is valid till 18/03/2025 11:53:30
[2025-03-18 11:44:30Z INFO JobDispatcher] Successfully renew job 19c20039-bbb4-5086-b8b6-587107183384, job is valid till 18/03/2025 11:54:30
[2025-03-18 11:45:31Z INFO JobDispatcher] Successfully renew job 19c20039-bbb4-5086-b8b6-587107183384, job is valid till 18/03/2025 11:55:31
[2025-03-18 11:46:31Z INFO JobDispatcher] Successfully renew job 19c20039-bbb4-5086-b8b6-587107183384, job is valid till 18/03/2025 11:56:31
[2025-03-18 11:47:14Z INFO ProcessInvokerWrapper] STDOUT/STDERR stream read finished.
[2025-03-18 11:47:14Z INFO ProcessInvokerWrapper] STDOUT/STDERR stream read finished.
[2025-03-18 11:47:14Z INFO ProcessInvokerWrapper] Finished process 950939 with exit code 102, and elapsed time 00:10:44.4373429.
[2025-03-18 11:47:14Z INFO JobDispatcher] Worker finished for job 19c20039-bbb4-5086-b8b6-587107183384. Code: 102
[2025-03-18 11:47:14Z INFO JobDispatcher] finish job request for job 19c20039-bbb4-5086-b8b6-587107183384 with result: Failed
[2025-03-18 11:47:14Z INFO Terminal] WRITE LINE: 2025-03-18 11:47:14Z: Job Build package (3.9) completed with result: Failed
[2025-03-18 11:47:14Z INFO JobDispatcher] Stop renew job request for job 19c20039-bbb4-5086-b8b6-587107183384.
[2025-03-18 11:47:14Z INFO JobDispatcher] job renew has been cancelled, stop renew job 19c20039-bbb4-5086-b8b6-587107183384.
[2025-03-18 11:47:14Z INFO JobNotification] Entering JobCompleted Notification
[2025-03-18 11:47:14Z INFO JobNotification] Entering EndMonitor
[2025-03-18 11:47:14Z INFO MessageListener] Received job status event. JobState: Online
[2025-03-18 11:47:14Z INFO MessageListener] Message '2735272822693488683' received from session 'd2d19f36-acaf-4cde-a6fc-aeee523790ef'.
[2025-03-18 11:47:14Z INFO ConfigurationStore] HasCredentials()
[2025-03-18 11:47:14Z INFO ConfigurationStore] stored True
[2025-03-18 11:47:14Z INFO CredentialManager] GetCredentialProvider
[2025-03-18 11:47:14Z INFO CredentialManager] Creating type OAuth
[2025-03-18 11:47:14Z INFO CredentialManager] Creating credential type: OAuth
[2025-03-18 11:47:14Z INFO RSAFileKeyManager] Loading RSA key parameters from file /home/jenny/tensorflow-mri/actions-runner/.credentials_rsaparams
[2025-03-18 11:47:14Z INFO RSAFileKeyManager] Loading RSA key parameters from file /home/jenny/tensorflow-mri/actions-runner/.credentials_rsaparams
[2025-03-18 11:47:14Z INFO RSAFileKeyManager] Loading RSA key parameters from file /home/jenny/tensorflow-mri/actions-runner/.credentials_rsaparams
[2025-03-18 11:47:14Z INFO GitHubActionsService] AAD Correlation ID for this token request: Unknown
[2025-03-18 11:47:15Z INFO JobDispatcher] Job request 0 for plan f9831e23-b408-4648-9cf3-bae7a143ca3d job fe31fc53-493e-5378-bf9c-dc6a71627956 received.
[2025-03-18 11:47:15Z INFO MessageListener] Received job status event. JobState: Busy
[2025-03-18 11:47:15Z INFO MessageListener] _getMessagesTokenSource is already disposed.
[2025-03-18 11:47:15Z INFO JobDispatcher] Job request 19c20039-bbb4-5086-b8b6-587107183384 processed succeed.
[2025-03-18 11:47:15Z INFO Terminal] WRITE LINE: 2025-03-18 11:47:15Z: Running job: Paper Draft
[2025-03-18 11:47:15Z INFO JobDispatcher] Start renew job request 0 for job fe31fc53-493e-5378-bf9c-dc6a71627956.
[2025-03-18 11:47:15Z INFO JobDispatcher] Successfully renew job fe31fc53-493e-5378-bf9c-dc6a71627956, job is valid till 18/03/2025 11:57:15
[2025-03-18 11:47:15Z INFO HostContext] Well known directory 'Bin': '/home/jenny/tensorflow-mri/actions-runner/bin'
[2025-03-18 11:47:15Z INFO ProcessInvokerWrapper] Starting process:
[2025-03-18 11:47:15Z INFO ProcessInvokerWrapper]   File name: '/home/jenny/tensorflow-mri/actions-runner/bin/Runner.Worker'
[2025-03-18 11:47:15Z INFO ProcessInvokerWrapper]   Arguments: 'spawnclient 154 158'
[2025-03-18 11:47:15Z INFO ProcessInvokerWrapper]   Working directory: '/home/jenny/tensorflow-mri/actions-runner/bin'
[2025-03-18 11:47:15Z INFO ProcessInvokerWrapper]   Require exit code zero: 'False'
[2025-03-18 11:47:15Z INFO ProcessInvokerWrapper]   Encoding web name:  ; code page: ''
[2025-03-18 11:47:15Z INFO ProcessInvokerWrapper]   Force kill process on cancellation: 'True'
[2025-03-18 11:47:15Z INFO ProcessInvokerWrapper]   Redirected STDIN: 'False'
[2025-03-18 11:47:15Z INFO ProcessInvokerWrapper]   Persist current code page: 'False'
[2025-03-18 11:47:15Z INFO ProcessInvokerWrapper]   Keep redirected STDIN open: 'False'
[2025-03-18 11:47:15Z INFO ProcessInvokerWrapper]   High priority process: 'True'
[2025-03-18 11:47:15Z INFO ProcessInvokerWrapper] Process started with process id 1062162, waiting for process exit.
[2025-03-18 11:47:15Z INFO JobDispatcher] Send job request message to worker for job fe31fc53-493e-5378-bf9c-dc6a71627956.
[2025-03-18 11:47:15Z INFO ProcessChannel] Sending message of length 20912, with hash 'b46ab685bb54104b411b103c10ef3fee1b473352d4531771f07badb0cd39a5c3'
[2025-03-18 11:47:15Z INFO JobNotification] Entering JobStarted Notification
[2025-03-18 11:47:15Z INFO JobNotification] Entering StartMonitor
[2025-03-18 11:47:21Z INFO ProcessInvokerWrapper] STDOUT/STDERR stream read finished.
[2025-03-18 11:47:21Z INFO ProcessInvokerWrapper] STDOUT/STDERR stream read finished.
[2025-03-18 11:47:21Z INFO ProcessInvokerWrapper] Finished process 1062162 with exit code 102, and elapsed time 00:00:06.1022715.
[2025-03-18 11:47:21Z INFO JobDispatcher] Worker finished for job fe31fc53-493e-5378-bf9c-dc6a71627956. Code: 102
[2025-03-18 11:47:21Z INFO JobDispatcher] finish job request for job fe31fc53-493e-5378-bf9c-dc6a71627956 with result: Failed
[2025-03-18 11:47:21Z INFO Terminal] WRITE LINE: 2025-03-18 11:47:21Z: Job Paper Draft completed with result: Failed
[2025-03-18 11:47:21Z INFO JobDispatcher] Stop renew job request for job fe31fc53-493e-5378-bf9c-dc6a71627956.
[2025-03-18 11:47:21Z INFO JobDispatcher] job renew has been cancelled, stop renew job fe31fc53-493e-5378-bf9c-dc6a71627956.
[2025-03-18 11:47:21Z INFO JobNotification] Entering JobCompleted Notification
[2025-03-18 11:47:21Z INFO JobNotification] Entering EndMonitor
[2025-03-18 11:47:21Z INFO MessageListener] Received job status event. JobState: Online
[2025-03-18 12:09:53Z INFO RSAFileKeyManager] Loading RSA key parameters from file /home/jenny/tensorflow-mri/actions-runner/.credentials_rsaparams
[2025-03-18 12:09:53Z INFO GitHubActionsService] AAD Correlation ID for this token request: Unknown
[2025-03-18 12:14:54Z INFO RSAFileKeyManager] Loading RSA key parameters from file /home/jenny/tensorflow-mri/actions-runner/.credentials_rsaparams
[2025-03-18 12:14:55Z INFO GitHubActionsService] AAD Correlation ID for this token request: Unknown
[2025-03-18 12:17:25Z INFO MessageListener] No message retrieved from session 'd2d19f36-acaf-4cde-a6fc-aeee523790ef' within last 30 minutes.
[2025-03-18 12:47:33Z INFO MessageListener] No message retrieved from session 'd2d19f36-acaf-4cde-a6fc-aeee523790ef' within last 30 minutes.
[2025-03-18 13:00:06Z INFO RSAFileKeyManager] Loading RSA key parameters from file /home/jenny/tensorflow-mri/actions-runner/.credentials_rsaparams
[2025-03-18 13:00:07Z INFO GitHubActionsService] AAD Correlation ID for this token request: Unknown
[2025-03-18 13:10:09Z INFO RSAFileKeyManager] Loading RSA key parameters from file /home/jenny/tensorflow-mri/actions-runner/.credentials_rsaparams
[2025-03-18 13:10:10Z INFO GitHubActionsService] AAD Correlation ID for this token request: Unknown
[2025-03-18 13:17:41Z INFO MessageListener] No message retrieved from session 'd2d19f36-acaf-4cde-a6fc-aeee523790ef' within last 30 minutes.
[2025-03-18 13:47:49Z INFO MessageListener] No message retrieved from session 'd2d19f36-acaf-4cde-a6fc-aeee523790ef' within last 30 minutes.
[2025-03-18 13:50:20Z INFO RSAFileKeyManager] Loading RSA key parameters from file /home/jenny/tensorflow-mri/actions-runner/.credentials_rsaparams
[2025-03-18 13:50:20Z INFO GitHubActionsService] AAD Correlation ID for this token request: Unknown
[2025-03-18 14:05:24Z INFO RSAFileKeyManager] Loading RSA key parameters from file /home/jenny/tensorflow-mri/actions-runner/.credentials_rsaparams
[2025-03-18 14:05:25Z INFO GitHubActionsService] AAD Correlation ID for this token request: Unknown
[2025-03-18 14:17:58Z INFO MessageListener] No message retrieved from session 'd2d19f36-acaf-4cde-a6fc-aeee523790ef' within last 30 minutes.
[2025-03-18 14:40:34Z INFO RSAFileKeyManager] Loading RSA key parameters from file /home/jenny/tensorflow-mri/actions-runner/.credentials_rsaparams
[2025-03-18 14:40:34Z INFO GitHubActionsService] AAD Correlation ID for this token request: Unknown
[2025-03-18 14:48:06Z INFO MessageListener] No message retrieved from session 'd2d19f36-acaf-4cde-a6fc-aeee523790ef' within last 30 minutes.
[2025-03-18 15:00:39Z INFO RSAFileKeyManager] Loading RSA key parameters from file /home/jenny/tensorflow-mri/actions-runner/.credentials_rsaparams
[2025-03-18 15:00:40Z INFO GitHubActionsService] AAD Correlation ID for this token request: Unknown
[2025-03-18 15:18:14Z INFO MessageListener] No message retrieved from session 'd2d19f36-acaf-4cde-a6fc-aeee523790ef' within last 30 minutes.
