[2025-05-10 16:17:55Z INFO HostContext] No proxy settings were found based on environmental variables (http_proxy/https_proxy/HTTP_PROXY/HTTPS_PROXY)
[2025-05-10 16:17:55Z INFO HostContext] Well known directory 'Bin': '/home/jenny/tensorflow-mri/actions-runner/bin'
[2025-05-10 16:17:55Z INFO HostContext] Well known directory 'Root': '/home/jenny/tensorflow-mri/actions-runner'
[2025-05-10 16:17:55Z INFO HostContext] Well known config file 'Credentials': '/home/jenny/tensorflow-mri/actions-runner/.credentials'
[2025-05-10 16:17:55Z INFO HostContext] Well known directory 'Bin': '/home/jenny/tensorflow-mri/actions-runner/bin'
[2025-05-10 16:17:55Z INFO HostContext] Well known directory 'Root': '/home/jenny/tensorflow-mri/actions-runner'
[2025-05-10 16:17:55Z INFO HostContext] Well known config file 'Runner': '/home/jenny/tensorflow-mri/actions-runner/.runner'
[2025-05-10 16:17:55Z INFO Listener] Runner is built for Linux (X64) - linux-x64.
[2025-05-10 16:17:55Z INFO Listener] RuntimeInformation: Ubuntu 20.04.6 LTS.
[2025-05-10 16:17:55Z INFO Listener] Version: 2.323.0
[2025-05-10 16:17:55Z INFO Listener] Commit: d8b82f44a9ec0258904d5869ae683c31d5aac299
[2025-05-10 16:17:55Z INFO Listener] Culture: en-GB
[2025-05-10 16:17:55Z INFO Listener] UI Culture: en-GB
[2025-05-10 16:17:55Z INFO HostContext] Well known directory 'Bin': '/home/jenny/tensorflow-mri/actions-runner/bin'
[2025-05-10 16:17:55Z INFO HostContext] Well known directory 'Root': '/home/jenny/tensorflow-mri/actions-runner'
[2025-05-10 16:17:55Z INFO Listener] Validating directory permissions for: '/home/jenny/tensorflow-mri/actions-runner'
[2025-05-10 16:17:55Z INFO CommandLineParser] Parse
[2025-05-10 16:17:55Z INFO CommandLineParser] Parsing 1 args
[2025-05-10 16:17:55Z INFO CommandLineParser] parsing argument
[2025-05-10 16:17:55Z INFO CommandLineParser] HasArgs: False
[2025-05-10 16:17:55Z INFO CommandLineParser] Adding Command: run
[2025-05-10 16:17:55Z INFO Listener] Arguments parsed
[2025-05-10 16:17:55Z INFO Runner] ExecuteCommand
[2025-05-10 16:17:55Z INFO ConfigurationStore] currentAssemblyLocation: /home/jenny/tensorflow-mri/actions-runner/bin/Runner.Listener.dll
[2025-05-10 16:17:55Z INFO HostContext] Well known directory 'Bin': '/home/jenny/tensorflow-mri/actions-runner/bin'
[2025-05-10 16:17:55Z INFO ConfigurationStore] binPath: /home/jenny/tensorflow-mri/actions-runner/bin
[2025-05-10 16:17:55Z INFO HostContext] Well known directory 'Bin': '/home/jenny/tensorflow-mri/actions-runner/bin'
[2025-05-10 16:17:55Z INFO HostContext] Well known directory 'Root': '/home/jenny/tensorflow-mri/actions-runner'
[2025-05-10 16:17:55Z INFO ConfigurationStore] RootFolder: /home/jenny/tensorflow-mri/actions-runner
[2025-05-10 16:17:55Z INFO HostContext] Well known directory 'Bin': '/home/jenny/tensorflow-mri/actions-runner/bin'
[2025-05-10 16:17:55Z INFO HostContext] Well known directory 'Root': '/home/jenny/tensorflow-mri/actions-runner'
[2025-05-10 16:17:55Z INFO HostContext] Well known config file 'Runner': '/home/jenny/tensorflow-mri/actions-runner/.runner'
[2025-05-10 16:17:55Z INFO ConfigurationStore] ConfigFilePath: /home/jenny/tensorflow-mri/actions-runner/.runner
[2025-05-10 16:17:55Z INFO HostContext] Well known directory 'Bin': '/home/jenny/tensorflow-mri/actions-runner/bin'
[2025-05-10 16:17:55Z INFO HostContext] Well known directory 'Root': '/home/jenny/tensorflow-mri/actions-runner'
[2025-05-10 16:17:55Z INFO HostContext] Well known config file 'MigratedRunner': '/home/jenny/tensorflow-mri/actions-runner/.runner_migrated'
[2025-05-10 16:17:55Z INFO ConfigurationStore] MigratedConfigFilePath: /home/jenny/tensorflow-mri/actions-runner/.runner_migrated
[2025-05-10 16:17:55Z INFO HostContext] Well known directory 'Bin': '/home/jenny/tensorflow-mri/actions-runner/bin'
[2025-05-10 16:17:55Z INFO HostContext] Well known directory 'Root': '/home/jenny/tensorflow-mri/actions-runner'
[2025-05-10 16:17:55Z INFO HostContext] Well known config file 'Credentials': '/home/jenny/tensorflow-mri/actions-runner/.credentials'
[2025-05-10 16:17:55Z INFO ConfigurationStore] CredFilePath: /home/jenny/tensorflow-mri/actions-runner/.credentials
[2025-05-10 16:17:55Z INFO HostContext] Well known directory 'Bin': '/home/jenny/tensorflow-mri/actions-runner/bin'
[2025-05-10 16:17:55Z INFO HostContext] Well known directory 'Root': '/home/jenny/tensorflow-mri/actions-runner'
[2025-05-10 16:17:55Z INFO HostContext] Well known config file 'MigratedCredentials': '/home/jenny/tensorflow-mri/actions-runner/.credentials_migrated'
[2025-05-10 16:17:55Z INFO ConfigurationStore] MigratedCredFilePath: /home/jenny/tensorflow-mri/actions-runner/.credentials_migrated
[2025-05-10 16:17:55Z INFO HostContext] Well known directory 'Bin': '/home/jenny/tensorflow-mri/actions-runner/bin'
[2025-05-10 16:17:55Z INFO HostContext] Well known directory 'Root': '/home/jenny/tensorflow-mri/actions-runner'
[2025-05-10 16:17:55Z INFO HostContext] Well known config file 'Service': '/home/jenny/tensorflow-mri/actions-runner/.service'
[2025-05-10 16:17:55Z INFO ConfigurationStore] ServiceConfigFilePath: /home/jenny/tensorflow-mri/actions-runner/.service
[2025-05-10 16:17:55Z INFO CommandSettings] Flag 'help': 'False'
[2025-05-10 16:17:55Z INFO CommandSettings] Flag 'version': 'False'
[2025-05-10 16:17:55Z INFO CommandSettings] Flag 'commit': 'False'
[2025-05-10 16:17:55Z INFO CommandSettings] Flag 'check': 'False'
[2025-05-10 16:17:55Z INFO CommandSettings] Command 'configure': 'False'
[2025-05-10 16:17:55Z INFO CommandSettings] Command 'remove': 'False'
[2025-05-10 16:17:55Z INFO CommandSettings] Command 'warmup': 'False'
[2025-05-10 16:17:55Z INFO ConfigurationManager] LoadSettings
[2025-05-10 16:17:55Z INFO ConfigurationStore] IsConfigured()
[2025-05-10 16:17:55Z INFO ConfigurationStore] IsConfigured: True
[2025-05-10 16:17:55Z INFO ConfigurationManager] Is configured: True
[2025-05-10 16:17:55Z INFO ConfigurationStore] Read setting file: 278 chars
[2025-05-10 16:17:55Z INFO ConfigurationManager] Settings Loaded
[2025-05-10 16:17:55Z INFO ConfigurationStore] IsServiceConfigured()
[2025-05-10 16:17:55Z INFO ConfigurationStore] IsServiceConfigured: False
[2025-05-10 16:17:55Z INFO CommandSettings] Command 'run': 'True'
[2025-05-10 16:17:55Z INFO ConfigurationStore] IsConfigured()
[2025-05-10 16:17:55Z INFO ConfigurationStore] IsConfigured: True
[2025-05-10 16:17:55Z INFO ConfigurationManager] Is configured: True
[2025-05-10 16:17:55Z INFO Runner] Could not parse the argument value '' for StartupType. Defaulting to Manual
[2025-05-10 16:17:55Z INFO Runner] Set runner startup type - Manual
[2025-05-10 16:17:55Z INFO CommandSettings] Flag 'once': 'False'
[2025-05-10 16:17:55Z INFO CommandSettings] Flag 'once': 'False'
[2025-05-10 16:17:55Z INFO Runner] RunAsync
[2025-05-10 16:17:55Z INFO ConfigurationManager] LoadSettings
[2025-05-10 16:17:55Z INFO ConfigurationStore] IsConfigured()
[2025-05-10 16:17:55Z INFO ConfigurationStore] IsConfigured: True
[2025-05-10 16:17:55Z INFO ConfigurationManager] Is configured: True
[2025-05-10 16:17:55Z INFO ConfigurationManager] Settings Loaded
[2025-05-10 16:17:55Z INFO MessageListener] {
  "AgentId": 69,
  "AgentName": "eagle",
  "PoolId": 1,
  "PoolName": "Default",
  "ServerUrl": "https://pipelinesghubeus4.actions.githubusercontent.com/NTUZowzK3aqQAAwnopNgDNqxgAD4gF99Up9OfcDRpxA9LKTUKY/",
  "GitHubUrl": "https://github.com/mrphys",
  "WorkFolder": "_work"
}
[2025-05-10 16:17:55Z INFO MessageListener] Loading Credentials
[2025-05-10 16:17:55Z INFO ConfigurationStore] HasCredentials()
[2025-05-10 16:17:55Z INFO ConfigurationStore] stored True
[2025-05-10 16:17:55Z INFO CredentialManager] GetCredentialProvider
[2025-05-10 16:17:55Z INFO CredentialManager] Creating type OAuth
[2025-05-10 16:17:55Z INFO CredentialManager] Creating credential type: OAuth
[2025-05-10 16:17:55Z INFO HostContext] Well known directory 'Bin': '/home/jenny/tensorflow-mri/actions-runner/bin'
[2025-05-10 16:17:55Z INFO HostContext] Well known directory 'Root': '/home/jenny/tensorflow-mri/actions-runner'
[2025-05-10 16:17:55Z INFO HostContext] Well known config file 'RSACredentials': '/home/jenny/tensorflow-mri/actions-runner/.credentials_rsaparams'
[2025-05-10 16:17:55Z INFO RSAFileKeyManager] Loading RSA key parameters from file /home/jenny/tensorflow-mri/actions-runner/.credentials_rsaparams
[2025-05-10 16:17:55Z INFO MessageListener] Attempt to create session.
[2025-05-10 16:17:55Z INFO MessageListener] Connecting to the Runner Server...
[2025-05-10 16:17:55Z INFO RunnerServer] EstablishVssConnection
[2025-05-10 16:17:55Z INFO RunnerServer] Establish connection with 100 seconds timeout.
[2025-05-10 16:17:55Z INFO GitHubActionsService] Starting operation Location.GetConnectionData
[2025-05-10 16:17:55Z INFO RunnerServer] EstablishVssConnection
[2025-05-10 16:17:55Z INFO RunnerServer] Establish connection with 60 seconds timeout.
[2025-05-10 16:17:55Z INFO GitHubActionsService] Starting operation Location.GetConnectionData
[2025-05-10 16:17:55Z INFO RunnerServer] EstablishVssConnection
[2025-05-10 16:17:55Z INFO RunnerServer] Establish connection with 60 seconds timeout.
[2025-05-10 16:17:55Z INFO GitHubActionsService] Starting operation Location.GetConnectionData
[2025-05-10 16:17:56Z INFO GitHubActionsService] Finished operation Location.GetConnectionData
[2025-05-10 16:17:56Z INFO GitHubActionsService] Finished operation Location.GetConnectionData
[2025-05-10 16:17:56Z INFO GitHubActionsService] Finished operation Location.GetConnectionData
[2025-05-10 16:17:56Z INFO MessageListener] VssConnection created
[2025-05-10 16:17:56Z INFO Terminal] WRITE LINE: 
[2025-05-10 16:17:56Z INFO Terminal] WRITE LINE: 
[2025-05-10 16:17:56Z INFO RSAFileKeyManager] Loading RSA key parameters from file /home/jenny/tensorflow-mri/actions-runner/.credentials_rsaparams
[2025-05-10 16:17:56Z INFO RSAFileKeyManager] Loading RSA key parameters from file /home/jenny/tensorflow-mri/actions-runner/.credentials_rsaparams
[2025-05-10 16:17:56Z INFO GitHubActionsService] AAD Correlation ID for this token request: Unknown
[2025-05-10 16:17:56Z INFO MessageListener] Session created.
[2025-05-10 16:17:56Z INFO Terminal] WRITE LINE: Current runner version: '2.323.0'
[2025-05-10 16:17:56Z INFO Terminal] WRITE LINE: 2025-05-10 16:17:56Z: Listening for Jobs
[2025-05-10 16:17:56Z INFO JobDispatcher] Set runner/worker IPC timeout to 30 seconds.
[2025-05-10 16:17:56Z INFO RSAFileKeyManager] Loading RSA key parameters from file /home/jenny/tensorflow-mri/actions-runner/.credentials_rsaparams
[2025-05-10 16:17:57Z INFO GitHubActionsService] AAD Correlation ID for this token request: Unknown
