[2025-03-19 14:25:01Z INFO HostContext] No proxy settings were found based on environmental variables (http_proxy/https_proxy/HTTP_PROXY/HTTPS_PROXY)
[2025-03-19 14:25:01Z INFO HostContext] Well known directory 'Bin': '/home/jenny/tensorflow-mri/actions-runner/bin'
[2025-03-19 14:25:01Z INFO HostContext] Well known directory 'Root': '/home/jenny/tensorflow-mri/actions-runner'
[2025-03-19 14:25:01Z INFO HostContext] Well known config file 'Credentials': '/home/jenny/tensorflow-mri/actions-runner/.credentials'
[2025-03-19 14:25:01Z INFO HostContext] Well known directory 'Bin': '/home/jenny/tensorflow-mri/actions-runner/bin'
[2025-03-19 14:25:01Z INFO HostContext] Well known directory 'Root': '/home/jenny/tensorflow-mri/actions-runner'
[2025-03-19 14:25:01Z INFO HostContext] Well known config file 'Runner': '/home/jenny/tensorflow-mri/actions-runner/.runner'
[2025-03-19 14:25:01Z INFO Listener] Runner is built for Linux (X64) - linux-x64.
[2025-03-19 14:25:01Z INFO Listener] RuntimeInformation: Ubuntu 20.04.6 LTS.
[2025-03-19 14:25:01Z INFO Listener] Version: 2.322.0
[2025-03-19 14:25:01Z INFO Listener] Commit: 0edc478ca75d0a753dcbcec7405f3f26db67b1ac
[2025-03-19 14:25:01Z INFO Listener] Culture: en-GB
[2025-03-19 14:25:01Z INFO Listener] UI Culture: en-GB
[2025-03-19 14:25:01Z INFO HostContext] Well known directory 'Bin': '/home/jenny/tensorflow-mri/actions-runner/bin'
[2025-03-19 14:25:01Z INFO HostContext] Well known directory 'Root': '/home/jenny/tensorflow-mri/actions-runner'
[2025-03-19 14:25:01Z INFO Listener] Validating directory permissions for: '/home/jenny/tensorflow-mri/actions-runner'
[2025-03-19 14:25:01Z INFO CommandLineParser] Parse
[2025-03-19 14:25:01Z INFO CommandLineParser] Parsing 1 args
[2025-03-19 14:25:01Z INFO CommandLineParser] parsing argument
[2025-03-19 14:25:01Z INFO CommandLineParser] HasArgs: False
[2025-03-19 14:25:01Z INFO CommandLineParser] Adding Command: run
[2025-03-19 14:25:01Z INFO Listener] Arguments parsed
[2025-03-19 14:25:01Z INFO Runner] ExecuteCommand
[2025-03-19 14:25:01Z INFO ConfigurationStore] currentAssemblyLocation: /home/jenny/tensorflow-mri/actions-runner/bin/Runner.Listener.dll
[2025-03-19 14:25:01Z INFO HostContext] Well known directory 'Bin': '/home/jenny/tensorflow-mri/actions-runner/bin'
[2025-03-19 14:25:01Z INFO ConfigurationStore] binPath: /home/jenny/tensorflow-mri/actions-runner/bin
[2025-03-19 14:25:01Z INFO HostContext] Well known directory 'Bin': '/home/jenny/tensorflow-mri/actions-runner/bin'
[2025-03-19 14:25:01Z INFO HostContext] Well known directory 'Root': '/home/jenny/tensorflow-mri/actions-runner'
[2025-03-19 14:25:01Z INFO ConfigurationStore] RootFolder: /home/jenny/tensorflow-mri/actions-runner
[2025-03-19 14:25:01Z INFO HostContext] Well known directory 'Bin': '/home/jenny/tensorflow-mri/actions-runner/bin'
[2025-03-19 14:25:01Z INFO HostContext] Well known directory 'Root': '/home/jenny/tensorflow-mri/actions-runner'
[2025-03-19 14:25:01Z INFO HostContext] Well known config file 'Runner': '/home/jenny/tensorflow-mri/actions-runner/.runner'
[2025-03-19 14:25:01Z INFO ConfigurationStore] ConfigFilePath: /home/jenny/tensorflow-mri/actions-runner/.runner
[2025-03-19 14:25:01Z INFO HostContext] Well known directory 'Bin': '/home/jenny/tensorflow-mri/actions-runner/bin'
[2025-03-19 14:25:01Z INFO HostContext] Well known directory 'Root': '/home/jenny/tensorflow-mri/actions-runner'
[2025-03-19 14:25:01Z INFO HostContext] Well known config file 'Credentials': '/home/jenny/tensorflow-mri/actions-runner/.credentials'
[2025-03-19 14:25:01Z INFO ConfigurationStore] CredFilePath: /home/jenny/tensorflow-mri/actions-runner/.credentials
[2025-03-19 14:25:01Z INFO HostContext] Well known directory 'Bin': '/home/jenny/tensorflow-mri/actions-runner/bin'
[2025-03-19 14:25:01Z INFO HostContext] Well known directory 'Root': '/home/jenny/tensorflow-mri/actions-runner'
[2025-03-19 14:25:01Z INFO HostContext] Well known config file 'MigratedCredentials': '/home/jenny/tensorflow-mri/actions-runner/.credentials_migrated'
[2025-03-19 14:25:01Z INFO ConfigurationStore] MigratedCredFilePath: /home/jenny/tensorflow-mri/actions-runner/.credentials_migrated
[2025-03-19 14:25:01Z INFO HostContext] Well known directory 'Bin': '/home/jenny/tensorflow-mri/actions-runner/bin'
[2025-03-19 14:25:01Z INFO HostContext] Well known directory 'Root': '/home/jenny/tensorflow-mri/actions-runner'
[2025-03-19 14:25:01Z INFO HostContext] Well known config file 'Service': '/home/jenny/tensorflow-mri/actions-runner/.service'
[2025-03-19 14:25:01Z INFO ConfigurationStore] ServiceConfigFilePath: /home/jenny/tensorflow-mri/actions-runner/.service
[2025-03-19 14:25:01Z INFO CommandSettings] Flag 'help': 'False'
[2025-03-19 14:25:01Z INFO CommandSettings] Flag 'version': 'False'
[2025-03-19 14:25:01Z INFO CommandSettings] Flag 'commit': 'False'
[2025-03-19 14:25:01Z INFO CommandSettings] Flag 'check': 'False'
[2025-03-19 14:25:01Z INFO CommandSettings] Command 'configure': 'False'
[2025-03-19 14:25:01Z INFO CommandSettings] Command 'remove': 'False'
[2025-03-19 14:25:01Z INFO CommandSettings] Command 'warmup': 'False'
[2025-03-19 14:25:01Z INFO ConfigurationManager] LoadSettings
[2025-03-19 14:25:01Z INFO ConfigurationStore] IsConfigured()
[2025-03-19 14:25:01Z INFO ConfigurationStore] IsConfigured: False
[2025-03-19 14:25:01Z INFO ConfigurationManager] Is configured: False
[2025-03-19 14:25:01Z ERR  Terminal] WRITE ERROR: An error occurred: Not configured. Run config.(sh/cmd) to configure the runner.
[2025-03-19 14:25:01Z ERR  Listener] GitHub.Runner.Common.NonRetryableException: Not configured. Run config.(sh/cmd) to configure the runner.
   at GitHub.Runner.Listener.Configuration.ConfigurationManager.LoadSettings()
   at GitHub.Runner.Listener.Runner.ExecuteCommand(CommandSettings command)
   at GitHub.Runner.Listener.Program.MainAsync(IHostContext context, String[] args)
